== Install Pillow ==
Collecting pillow
  Downloading pillow-12.3.0-cp312-cp312-manylinux_2_27_x86_64.manylinux_2_28_x86_64.whl.metadata (9.1 kB)
Downloading pillow-12.3.0-cp312-cp312-manylinux_2_27_x86_64.manylinux_2_28_x86_64.whl (6.9 MB)
   ━━━━━━━━━━━━━━━━━━━━━━━━━━━━━━━━━━━━━━━━ 6.9/6.9 MB 38.3 MB/s  0:00:00
Installing collected packages: pillow
Successfully installed pillow-12.3.0
== Generate transparent PNG logo ==
/home/runner/work/Quality-Control-Exchange-Platform-for-the-3rd-National-Soil-Condition-Census/Quality-Control-Exchange-Platform-for-the-3rd-National-Soil-Condition-Census/assets/soil-survey-logo.png
== Generate v1.5.0 structure ==
{
  "version": "1.5.0",
  "indexedFiles": 236,
  "missingFiles": 6,
  "orphanFiles": 179,
  "duplicateKeys": 0
}
== Apply post-migration fixes ==
Applied stable validator and optional reference archive fallback.
== Check generated JavaScript syntax ==
/home/runner/work/Quality-Control-Exchange-Platform-for-the-3rd-National-Soil-Condition-Census/Quality-Control-Exchange-Platform-for-the-3rd-National-Soil-Condition-Census/src/export/index.js:32
    const csv = '﻿' + [headers.map(quote).join(','), ...data.map((row) => headers.map((key) => quote(row[key])).join(','))].join('
                                                                                                                                 ^

SyntaxError: Invalid or unexpected token
    at checkSyntax (node:internal/main/check_syntax:74:5)

Node.js v20.20.2
/home/runner/work/Quality-Control-Exchange-Platform-for-the-3rd-National-Soil-Condition-Census/Quality-Control-Exchange-Platform-for-the-3rd-National-Soil-Condition-Census/src/admin/github.js:61
    const content = atob(String(result.content || '').replace(/
                                                              ^

SyntaxError: Invalid regular expression: missing /
    at checkSyntax (node:internal/main/check_syntax:74:5)

Node.js v20.20.2
